
Discarded input sections

 .llvm_addrsig  0x00000000        0x0 /tmp/main-0d93c1.o

Memory Configuration

Name             Origin             Length             Attributes
ram              0x00100000         0x0001e000
stack            0x0011e000         0x00002000
*default*        0x00000000         0xffffffff

Linker script and memory map

                0x00001000                        _min_stack = 0x1000
                0x00002000                        _stack_len = LENGTH (stack)
                0x00120000                        _stack_start = (ORIGIN (stack) + LENGTH (stack))
                0x00100080                        _entry_point = (_vectors_start + 0x80)
                [!provide]                        PROVIDE (_stext = ORIGIN (ram))
                [!provide]                        PROVIDE (_stack_start = (ORIGIN (stack) + LENGTH (stack)))
                [!provide]                        PROVIDE (_max_hart_id = 0x0)
                [!provide]                        PROVIDE (_hart_stack_size = LENGTH (stack))
                [!provide]                        PROVIDE (_heap_size = 0x0)
                [!provide]                        PROVIDE (UserSoft = DefaultHandler)
                [!provide]                        PROVIDE (SupervisorSoft = DefaultHandler)
                [!provide]                        PROVIDE (MachineSoft = DefaultHandler)
                [!provide]                        PROVIDE (UserTimer = DefaultHandler)
                [!provide]                        PROVIDE (SupervisorTimer = DefaultHandler)
                [!provide]                        PROVIDE (MachineTimer = DefaultHandler)
                [!provide]                        PROVIDE (UserExternal = DefaultHandler)
                [!provide]                        PROVIDE (SupervisorExternal = DefaultHandler)
                [!provide]                        PROVIDE (MachineExternal = DefaultHandler)
                [!provide]                        PROVIDE (DefaultHandler = DefaultInterruptHandler)
                [!provide]                        PROVIDE (ExceptionHandler = DefaultExceptionHandler)
                [!provide]                        PROVIDE (__pre_init = default_pre_init)
                [!provide]                        PROVIDE (_mp_hook = default_mp_hook)
                [!provide]                        PROVIDE (_start_trap = default_start_trap)
                [!provide]                        PROVIDE (_setup_interrupts = default_setup_interrupts)
                [!provide]                        PROVIDE (InstructionMisaligned = ExceptionHandler)
                [!provide]                        PROVIDE (InstructionFault = ExceptionHandler)
                [!provide]                        PROVIDE (IllegalInstruction = ExceptionHandler)
                [!provide]                        PROVIDE (Breakpoint = ExceptionHandler)
                [!provide]                        PROVIDE (LoadMisaligned = ExceptionHandler)
                [!provide]                        PROVIDE (LoadFault = ExceptionHandler)
                [!provide]                        PROVIDE (StoreMisaligned = ExceptionHandler)
                [!provide]                        PROVIDE (StoreFault = ExceptionHandler)
                [!provide]                        PROVIDE (UserEnvCall = ExceptionHandler)
                [!provide]                        PROVIDE (SupervisorEnvCall = ExceptionHandler)
                [!provide]                        PROVIDE (MachineEnvCall = ExceptionHandler)
                [!provide]                        PROVIDE (InstructionPageFault = ExceptionHandler)
                [!provide]                        PROVIDE (LoadPageFault = ExceptionHandler)
                [!provide]                        PROVIDE (StorePageFault = ExceptionHandler)

.text           0x00100000       0xc0
                0x00100000                        . = ALIGN (0x4)
                0x00100000                        _vectors_start = .
 *(.vectors)
 .vectors       0x00100000       0x84 /tmp/startup-a4bcae.o
                0x00100084                        _vectors_end = .
 *(.init)
 *(.init.rust)
 *(.text)
 .text          0x00100084        0x0 /tmp/startup-a4bcae.o
 .text          0x00100084       0x12 /tmp/main-0d93c1.o
                0x00100084                main
 *(.text.*)
 .text.start    0x00100096       0x2a /tmp/startup-a4bcae.o
                0x00100098                _start
                0x001000c0                        . = ALIGN (0x4)
 *fill*         0x001000c0        0x0 

.rela.dyn       0x001000c0        0x0
 .rela.text.start
                0x001000c0        0x0 /tmp/startup-a4bcae.o

.rodata         0x001000c0        0x0
                0x001000c0                        . = ALIGN (0x4)
 *(.srodata)
 *(.srodata.*)
 *(.rodata)
 *(.rodata.*)
                0x001000c0                        . = ALIGN (0x4)

.data           0x001000c0        0x0
                0x001000c0                        . = ALIGN (0x4)
                0x001000c0                        _sidata = LOADADDR (.data)
                0x001000c0                        _sdata = .
 *(.sdata)
 *(.sdata.*)
 *(.data)
 *(.data.*)
                0x001000c0                        . = ALIGN (0x4)
                0x001000c0                        _edata = .

.bss            0x001000c0        0x0
                0x001000c0                        . = ALIGN (0x4)
                0x001000c0                        _bss_start = .
 *(.sbss)
 *(.sbss.*)
 *(.bss)
 *(.bss.*)
 *(COMMON)
                0x001000c0                        _bss_end = .
                0x001000c0                        . = ALIGN (0x4)
                0x001000c0                        _sbss = _bss_start
                0x001000c0                        _ebss = _bss_end

.stack          0x0011e000     0x1000
                0x0011e000                        . = ALIGN (0x4)
                0x0011f000                        . = (. + _min_stack)
 *fill*         0x0011e000     0x1000 
                0x0011f000                        . = ALIGN (0x4)
                0x0011f000                        stack = .
                0x0011f000                        _stack = .
LOAD /tmp/startup-a4bcae.o
LOAD /tmp/main-0d93c1.o
OUTPUT(firmware.elf elf32-littleriscv)

.riscv.attributes
                0x00000000       0x36
 .riscv.attributes
                0x00000000       0x34 /tmp/startup-a4bcae.o
 .riscv.attributes
                0x00000034       0x36 /tmp/main-0d93c1.o

.comment        0x00000000       0x74
 .comment       0x00000000       0x74 /tmp/main-0d93c1.o
                                 0x75 (size before relaxing)

.note.GNU-stack
                0x00000000        0x0
 .note.GNU-stack
                0x00000000        0x0 /tmp/main-0d93c1.o

.debug_info     0x00000000      0x1d7
 .debug_info    0x00000000      0x111 /tmp/startup-a4bcae.o
 .debug_info    0x00000111       0xc6 /tmp/main-0d93c1.o

.debug_abbrev   0x00000000       0xa8
 .debug_abbrev  0x00000000       0x1f /tmp/startup-a4bcae.o
 .debug_abbrev  0x0000001f       0x89 /tmp/main-0d93c1.o

.debug_aranges  0x00000000       0x28
 .debug_aranges
                0x00000000       0x28 /tmp/startup-a4bcae.o

.debug_rnglists
                0x00000000       0x1a
 .debug_rnglists
                0x00000000       0x1a /tmp/startup-a4bcae.o

.debug_line     0x00000000      0x11b
 .debug_line    0x00000000       0xa3 /tmp/startup-a4bcae.o
 .debug_line    0x000000a3       0x78 /tmp/main-0d93c1.o

.debug_line_str
                0x00000000       0x79
 .debug_line_str
                0x00000000       0x79 /tmp/startup-a4bcae.o
                                 0x30 (size before relaxing)
 .debug_line_str
                0x00000079       0x6f /tmp/main-0d93c1.o

.debug_str_offsets
                0x00000000       0x54
 .debug_str_offsets
                0x00000000       0x54 /tmp/main-0d93c1.o

.debug_str      0x00000000      0x12e
 .debug_str     0x00000000      0x12e /tmp/main-0d93c1.o
                                0x132 (size before relaxing)

.debug_addr     0x00000000        0xc
 .debug_addr    0x00000000        0xc /tmp/main-0d93c1.o

.debug_frame    0x00000000       0x24
 .debug_frame   0x00000000       0x24 /tmp/main-0d93c1.o
